// Jest Snapshot v1, https://goo.gl/fbAQLP

exports[`JumpToNextDiscussionButton matches the snapshot 1`] = `
<div
  class="btn-group"
  role="group"
>
  <button
    class="btn btn-default discussion-next-btn"
    title="Jump to next unresolved thread"
  >
    <icon-stub
      name="comment-next"
      size="16"
    />
  </button>
</div>
`;
