// Jest Snapshot v1, https://goo.gl/fbAQLP

exports[`self monitor component When the self monitor project has not been created default state to match the default snapshot 1`] = `
<section
  class="settings no-animate js-self-monitoring-settings"
>
  <div
    class="settings-header"
  >
    <h4
      class="js-section-header"
    >
      
      Self monitoring
    
    </h4>
     
    <gl-button-stub
      class="js-settings-toggle"
      size="md"
      variant="secondary"
    >
      Expand
    </gl-button-stub>
     
    <p
      class="js-section-sub-header"
    >
      
      Enable or disable instance self monitoring
    
    </p>
  </div>
   
  <div
    class="settings-content"
  >
    <form
      name="self-monitoring-form"
    >
      <p>
        Enabling this feature creates a project that can be used to monitor the health of your instance.
      </p>
       
      <gl-form-group-stub
        label="Create Project"
        label-for="self-monitor-toggle"
      >
        <gl-toggle-stub
          labeloff="Toggle Status: OFF"
          labelon="Toggle Status: ON"
          labelposition="hidden"
          name="self-monitor-toggle"
        />
      </gl-form-group-stub>
    </form>
  </div>
   
  <gl-modal-stub
    cancel-title="Cancel"
    modalclass=""
    modalid="delete-self-monitor-modal"
    ok-title="Delete project"
    ok-variant="danger"
    size="md"
    title="Disable self monitoring?"
    titletag="h4"
  >
    <div>
      
      Disabling this feature will delete the self monitoring project. Are you sure you want to delete the project?
    
    </div>
  </gl-modal-stub>
</section>
`;
