// Jest Snapshot v1, https://goo.gl/fbAQLP

exports[`IDE pipeline stage renders stage details & icon 1`] = `
<div
  class="ide-stage card prepend-top-default"
>
  <div
    class="card-header"
  >
    <ci-icon-stub
      cssclasses=""
      size="24"
      status="[object Object]"
    />
     
    <strong
      class="prepend-left-8 text-truncate"
      data-container="body"
      data-original-title=""
      title=""
    >
      
      build
    
    </strong>
     
    <div
      class="append-right-8 prepend-left-4"
    >
      <span
        class="badge badge-pill"
      >
         4 
      </span>
    </div>
     
    <icon-stub
      class="ide-stage-collapse-icon"
      name="angle-down"
      size="16"
    />
  </div>
   
  <div
    class="card-body p-0"
  >
    <item-stub
      job="[object Object]"
    />
    <item-stub
      job="[object Object]"
    />
    <item-stub
      job="[object Object]"
    />
    <item-stub
      job="[object Object]"
    />
  </div>
</div>
`;
