// Jest Snapshot v1, https://goo.gl/fbAQLP

exports[`Container Expiration Policy Settings Form Cadence matches snapshot 1`] = `
<expiration-dropdown-stub
  class="gl-mr-7 gl-mb-0!"
  data-testid="cadence-dropdown"
  description=""
  formoptions="[object Object],[object Object],[object Object],[object Object],[object Object]"
  label="Run cleanup:"
  name="cadence"
  value="EVERY_DAY"
/>
`;

exports[`Container Expiration Policy Settings Form Enable matches snapshot 1`] = `
<expiration-toggle-stub
  class="gl-mb-0!"
  data-testid="enable-toggle"
  value="true"
/>
`;

exports[`Container Expiration Policy Settings Form Keep N matches snapshot 1`] = `
<expiration-dropdown-stub
  data-testid="keep-n-dropdown"
  description=""
  formoptions="[object Object],[object Object],[object Object],[object Object],[object Object],[object Object],[object Object]"
  label="Keep the most recent:"
  name="keep-n"
  value="TEN_TAGS"
/>
`;

exports[`Container Expiration Policy Settings Form Keep Regex matches snapshot 1`] = `
<expiration-input-stub
  data-testid="keep-regex-input"
  description="Tags with names that match this regex pattern are kept. %{linkStart}View regex examples.%{linkEnd}"
  error=""
  label="Keep tags matching:"
  name="keep-regex"
  placeholder=""
  value="sss"
/>
`;

exports[`Container Expiration Policy Settings Form OlderThan matches snapshot 1`] = `
<expiration-dropdown-stub
  data-testid="older-than-dropdown"
  description=""
  formoptions="[object Object],[object Object],[object Object],[object Object],[object Object],[object Object]"
  label="Remove tags older than:"
  name="older-than"
  value="FOURTEEN_DAYS"
/>
`;

exports[`Container Expiration Policy Settings Form Remove regex matches snapshot 1`] = `
<expiration-input-stub
  data-testid="remove-regex-input"
  description="Tags with names that match this regex pattern are removed. %{linkStart}View regex examples.%{linkEnd}"
  error=""
  label="Remove tags matching:"
  name="remove-regex"
  placeholder=""
  value="asdasdssssdfdf"
/>
`;
