// Jest Snapshot v1, https://goo.gl/fbAQLP

exports[`vue_shared/components/awards_list default matches snapshot 1`] = `
<div
  class="awards js-awards-block"
>
  <button
    class="btn gl-mr-3 gl-my-2 btn-default btn-md gl-button"
    data-testid="award-button"
    title="Ada, Leonardo, and Marie reacted with :thumbsup:"
    type="button"
  >
    <!---->
     
    <!---->
     
    <span
      class="award-emoji-block"
      data-testid="award-html"
    >
      <gl-emoji
        data-name="thumbsup"
      />
    </span>
     
    <span
      class="gl-button-text"
    >
       
      <span
        class="js-counter"
      >
        3
      </span>
    </span>
  </button>
  <button
    class="btn gl-mr-3 gl-my-2 btn-default btn-md gl-button selected"
    data-testid="award-button"
    title="You, Ada, and Marie reacted with :thumbsdown:"
    type="button"
  >
    <!---->
     
    <!---->
     
    <span
      class="award-emoji-block"
      data-testid="award-html"
    >
      <gl-emoji
        data-name="thumbsdown"
      />
    </span>
     
    <span
      class="gl-button-text"
    >
       
      <span
        class="js-counter"
      >
        3
      </span>
    </span>
  </button>
  <button
    class="btn gl-mr-3 gl-my-2 btn-default btn-md gl-button"
    data-testid="award-button"
    title="Ada and Jane reacted with :smile:"
    type="button"
  >
    <!---->
     
    <!---->
     
    <span
      class="award-emoji-block"
      data-testid="award-html"
    >
      <gl-emoji
        data-name="smile"
      />
    </span>
     
    <span
      class="gl-button-text"
    >
       
      <span
        class="js-counter"
      >
        2
      </span>
    </span>
  </button>
  <button
    class="btn gl-mr-3 gl-my-2 btn-default btn-md gl-button selected"
    data-testid="award-button"
    title="You, Ada, Jane, and Leonardo reacted with :ok_hand:"
    type="button"
  >
    <!---->
     
    <!---->
     
    <span
      class="award-emoji-block"
      data-testid="award-html"
    >
      <gl-emoji
        data-name="ok_hand"
      />
    </span>
     
    <span
      class="gl-button-text"
    >
       
      <span
        class="js-counter"
      >
        4
      </span>
    </span>
  </button>
  <button
    class="btn gl-mr-3 gl-my-2 btn-default btn-md gl-button selected"
    data-testid="award-button"
    title="You reacted with :cactus:"
    type="button"
  >
    <!---->
     
    <!---->
     
    <span
      class="award-emoji-block"
      data-testid="award-html"
    >
      <gl-emoji
        data-name="cactus"
      />
    </span>
     
    <span
      class="gl-button-text"
    >
       
      <span
        class="js-counter"
      >
        1
      </span>
    </span>
  </button>
  <button
    class="btn gl-mr-3 gl-my-2 btn-default btn-md gl-button"
    data-testid="award-button"
    title="Marie reacted with :a:"
    type="button"
  >
    <!---->
     
    <!---->
     
    <span
      class="award-emoji-block"
      data-testid="award-html"
    >
      <gl-emoji
        data-name="a"
      />
    </span>
     
    <span
      class="gl-button-text"
    >
       
      <span
        class="js-counter"
      >
        1
      </span>
    </span>
  </button>
  <button
    class="btn gl-mr-3 gl-my-2 btn-default btn-md gl-button selected"
    data-testid="award-button"
    title="You reacted with :b:"
    type="button"
  >
    <!---->
     
    <!---->
     
    <span
      class="award-emoji-block"
      data-testid="award-html"
    >
      <gl-emoji
        data-name="b"
      />
    </span>
     
    <span
      class="gl-button-text"
    >
       
      <span
        class="js-counter"
      >
        1
      </span>
    </span>
  </button>
   
  <div
    class="award-menu-holder gl-my-2"
  >
    <div
      class="emoji-picker"
      data-testid="emoji-picker"
      title="Add reaction"
    >
      <div
        boundary="scrollParent"
        class="dropdown b-dropdown gl-new-dropdown btn-group"
        id="__BVID__13"
        lazy=""
        menu-class="dropdown-extended-height"
        no-flip=""
      >
        <!---->
        <button
          aria-expanded="false"
          aria-haspopup="true"
          class="btn dropdown-toggle btn-default btn-md add-reaction-button btn-icon gl-relative! gl-button gl-dropdown-toggle btn-default-secondary"
          id="__BVID__13__BV_toggle_"
          type="button"
        >
          <span
            class="gl-sr-only"
          >
            Add reaction
          </span>
           
          <span
            class="reaction-control-icon reaction-control-icon-neutral"
          >
            <svg
              aria-hidden="true"
              class="gl-icon s16"
              data-testid="slight-smile-icon"
              role="img"
            >
              <use
                href="#slight-smile"
              />
            </svg>
          </span>
           
          <span
            class="reaction-control-icon reaction-control-icon-positive"
          >
            <svg
              aria-hidden="true"
              class="gl-icon s16"
              data-testid="smiley-icon"
              role="img"
            >
              <use
                href="#smiley"
              />
            </svg>
          </span>
           
          <span
            class="reaction-control-icon reaction-control-icon-super-positive"
          >
            <svg
              aria-hidden="true"
              class="gl-icon s16"
              data-testid="smile-icon"
              role="img"
            >
              <use
                href="#smile"
              />
            </svg>
          </span>
        </button>
        <ul
          aria-labelledby="__BVID__13__BV_toggle_"
          class="dropdown-menu dropdown-extended-height dropdown-menu-right"
          role="menu"
          tabindex="-1"
        >
          <!---->
        </ul>
      </div>
    </div>
  </div>
</div>
`;
