// Jest Snapshot v1, https://goo.gl/fbAQLP

exports[`Code Block matches snapshot 1`] = `
<pre
  class="code-block rounded"
>
    
  <code
    class="d-block"
  >
    test-code
  </code>
  

</pre>
`;
