// Jest Snapshot v1, https://goo.gl/fbAQLP

exports[`Issue type info popover renders 1`] = `
<span
  class="gl-ml-2"
  id="popovercontainer"
>
  <gl-icon-stub
    class="gl-text-blue-600"
    id="issue-type-info"
    name="question-o"
    size="16"
  />
   
  <gl-popover-stub
    container="popovercontainer"
    cssclasses=""
    target="issue-type-info"
    title="Issue types"
    triggers="focus hover"
  >
    <ul
      class="gl-list-style-none gl-p-0 gl-m-0"
    >
      <li
        class="gl-mb-3"
      >
        <div
          class="gl-font-weight-bold"
        >
          Issue
        </div>
         
        <span>
          For general work
        </span>
      </li>
       
      <li>
        <div
          class="gl-font-weight-bold"
        >
          Incident
        </div>
         
        <span>
          For investigating IT service disruptions or outages
        </span>
      </li>
    </ul>
  </gl-popover-stub>
</span>
`;
