// Jest Snapshot v1, https://goo.gl/fbAQLP

exports[`AddContextCommitsModal renders modal with 2 tabs 1`] = `
<gl-modal-stub
  arialabel=""
  body-class="add-review-item pt-0"
  cancel-variant="light"
  dismisslabel="Close"
  modalclass=""
  modalid="add-review-item"
  ok-disabled="true"
  ok-title="Save changes"
  scrollable="true"
  size="md"
  title="Add or remove previously merged commits"
  titletag="h4"
>
  <gl-tabs-stub
    contentclass="pt-0"
    queryparamname="tab"
    value="0"
  >
    <gl-tab-stub
      titlelinkclass=""
    >
       
      <div
        class="gl-mt-3"
      >
        <gl-search-box-by-type-stub
          clearbuttontitle="Clear"
          placeholder="Search by commit title or SHA"
          value=""
        />
         
        <review-tab-container-stub
          commits=""
          emptylisttext="Your search didn't match any commits. Try a different query."
          loadingfailedtext="Unable to load commits. Try again later."
        />
      </div>
    </gl-tab-stub>
     
    <gl-tab-stub
      titlelinkclass=""
    >
       
      <review-tab-container-stub
        commits=""
        emptylisttext="Commits you select appear here. Go to the first tab and select commits to add to this merge request."
        loadingfailedtext="Unable to load commits. Try again later."
      />
    </gl-tab-stub>
  </gl-tabs-stub>
</gl-modal-stub>
`;
