// Jest Snapshot v1, https://goo.gl/fbAQLP

exports[`Blob Header Editing rendering matches the snapshot 1`] = `
<div
  class="js-file-title file-title-flex-parent"
>
  <gl-form-input-stub
    class="form-control js-snippet-file-name qa-snippet-file-name"
    id="snippet_file_name"
    name="snippet_file_name"
    placeholder="Give your file a name to add code highlighting, e.g. example.rb for Ruby"
    type="text"
    value="foo.md"
  />
</div>
`;
