// Jest Snapshot v1, https://goo.gl/fbAQLP

exports[`grafana integration component default state to match the default snapshot 1`] = `
<section
  class="settings no-animate js-grafana-integration"
  id="grafana"
>
  <div
    class="settings-header"
  >
    <h4
      class="js-section-header"
    >
      
      Grafana Authentication
    
    </h4>
     
    <gl-button-stub
      class="js-settings-toggle"
      size="md"
      variant="secondary"
    >
      Expand
    </gl-button-stub>
     
    <p
      class="js-section-sub-header"
    >
      
      Embed Grafana charts in GitLab issues.
    
    </p>
  </div>
   
  <div
    class="settings-content"
  >
    <form>
      <gl-form-checkbox-stub
        class="mb-4"
        id="grafana-integration-enabled"
      >
        
        Active
      
      </gl-form-checkbox-stub>
       
      <gl-form-group-stub
        description="Enter the base URL of the Grafana instance."
        label="Grafana URL"
        label-for="grafana-url"
      >
        <gl-form-input-stub
          id="grafana-url"
          placeholder="https://my-url.grafana.net/"
          value="http://test.host"
        />
      </gl-form-group-stub>
       
      <gl-form-group-stub
        label="API Token"
        label-for="grafana-token"
      >
        <gl-form-input-stub
          id="grafana-token"
          value="someToken"
        />
         
        <p
          class="form-text text-muted"
        >
          
          Enter the Grafana API Token.
          
          <a
            href="https://grafana.com/docs/http_api/auth/#create-api-token"
            rel="noopener noreferrer"
            target="_blank"
          >
            
            More information
            
            <icon-stub
              class="vertical-align-middle"
              name="external-link"
              size="16"
            />
          </a>
        </p>
      </gl-form-group-stub>
       
      <gl-button-stub
        size="md"
        variant="success"
      >
        
        Save Changes
      
      </gl-button-stub>
    </form>
  </div>
</section>
`;
